// Jest Snapshot v1, https://goo.gl/fbAQLP

exports[`renders correctly when data has been fetched 1`] = `
<div>
  <div
    class="App"
  >
    <header
      class="summary"
    >
      <article
        class="summary__icon"
      >
        <svg>
          weather-sun.svg
        </svg>
      </article>
      <article
        class="summary__condition"
      >
        <div
          class="summary__overline summary__overline--status"
        >
          <div>
            Clear
          </div>
          <div>
            14°
             / 
            8°
          </div>
        </div>
        <div
          class="summary__condition__temperature"
        >
          14°
        </div>
      </article>
      <article>
        <div
          class="summary__overline"
        >
          Altstadt
        </div>
        <div
          class="summary__date"
        >
          Thursday
          <br />
          16. February
        </div>
      </article>
    </header>
    <section>
      <ul
        class="forecastsList"
      >
        <li>
          <article
            class="forecast__card forecast--active"
          >
            <div
              class="forecast__card__time"
            >
              12:00
            </div>
            <div
              class="forecast__card__condition"
            >
              <svg>
                weather-sun.svg
              </svg>
            </div>
            <div
              class="forecast__card__temperature"
            >
              14°
            </div>
          </article>
        </li>
        <li>
          <article
            class="forecast__card "
          >
            <div
              class="forecast__card__time"
            >
              15:00
            </div>
            <div
              class="forecast__card__condition"
            >
              <svg>
                weather-sun.svg
              </svg>
            </div>
            <div
              class="forecast__card__temperature"
            >
              13°
            </div>
          </article>
        </li>
        <li>
          <article
            class="forecast__card "
          >
            <div
              class="forecast__card__time"
            >
              18:00
            </div>
            <div
              class="forecast__card__condition"
            >
              <svg>
                weather-sun.svg
              </svg>
            </div>
            <div
              class="forecast__card__temperature"
            >
              4°
            </div>
          </article>
        </li>
        <li>
          <article
            class="forecast__card "
          >
            <div
              class="forecast__card__time"
            >
              21:00
            </div>
            <div
              class="forecast__card__condition"
            >
              <svg>
                weather-sun.svg
              </svg>
            </div>
            <div
              class="forecast__card__temperature"
            >
              0°
            </div>
          </article>
        </li>
        <li>
          <article
            class="forecast__card "
          >
            <div
              class="forecast__card__time"
            >
              00:00
            </div>
            <div
              class="forecast__card__condition"
            >
              <svg>
                weather-sun.svg
              </svg>
            </div>
            <div
              class="forecast__card__temperature"
            >
              0°
            </div>
          </article>
        </li>
        <li>
          <article
            class="forecast__card "
          >
            <div
              class="forecast__card__time"
            >
              03:00
            </div>
            <div
              class="forecast__card__condition"
            >
              <svg>
                weather-sun.svg
              </svg>
            </div>
            <div
              class="forecast__card__temperature"
            >
              2°
            </div>
          </article>
        </li>
        <li>
          <article
            class="forecast__card "
          >
            <div
              class="forecast__card__time"
            >
              06:00
            </div>
            <div
              class="forecast__card__condition"
            >
              <svg>
                weather-sun.svg
              </svg>
            </div>
            <div
              class="forecast__card__temperature"
            >
              3°
            </div>
          </article>
        </li>
        <li>
          <article
            class="forecast__card "
          >
            <div
              class="forecast__card__time"
            >
              09:00
            </div>
            <div
              class="forecast__card__condition"
            >
              <svg>
                weather-sun.svg
              </svg>
            </div>
            <div
              class="forecast__card__temperature"
            >
              4°
            </div>
          </article>
        </li>
        <li>
          <article
            class="forecast__card "
          >
            <div
              class="forecast__card__time"
            >
              12:00
            </div>
            <div
              class="forecast__card__condition"
            >
              <svg>
                weather-sun.svg
              </svg>
            </div>
            <div
              class="forecast__card__temperature"
            >
              5°
            </div>
          </article>
        </li>
        <li>
          <article
            class="forecast__card "
          >
            <div
              class="forecast__card__time"
            >
              15:00
            </div>
            <div
              class="forecast__card__condition"
            >
              <svg>
                weather-sun.svg
              </svg>
            </div>
            <div
              class="forecast__card__temperature"
            >
              3°
            </div>
          </article>
        </li>
        <li>
          <article
            class="forecast__card "
          >
            <div
              class="forecast__card__time"
            >
              18:00
            </div>
            <div
              class="forecast__card__condition"
            >
              <svg>
                weather-sun.svg
              </svg>
            </div>
            <div
              class="forecast__card__temperature"
            >
              2°
            </div>
          </article>
        </li>
        <li>
          <article
            class="forecast__card "
          >
            <div
              class="forecast__card__time"
            >
              21:00
            </div>
            <div
              class="forecast__card__condition"
            >
              <svg>
                weather-sun.svg
              </svg>
            </div>
            <div
              class="forecast__card__temperature"
            >
              2°
            </div>
          </article>
        </li>
        <li>
          <article
            class="forecast__card "
          >
            <div
              class="forecast__card__time"
            >
              00:00
            </div>
            <div
              class="forecast__card__condition"
            >
              <svg>
                weather-sun.svg
              </svg>
            </div>
            <div
              class="forecast__card__temperature"
            >
              2°
            </div>
          </article>
        </li>
        <li>
          <article
            class="forecast__card "
          >
            <div
              class="forecast__card__time"
            >
              03:00
            </div>
            <div
              class="forecast__card__condition"
            >
              <svg>
                weather-sun.svg
              </svg>
            </div>
            <div
              class="forecast__card__temperature"
            >
              2°
            </div>
          </article>
        </li>
        <li>
          <article
            class="forecast__card "
          >
            <div
              class="forecast__card__time"
            >
              06:00
            </div>
            <div
              class="forecast__card__condition"
            >
              <svg>
                weather-sun.svg
              </svg>
            </div>
            <div
              class="forecast__card__temperature"
            >
              1°
            </div>
          </article>
        </li>
        <li>
          <article
            class="forecast__card "
          >
            <div
              class="forecast__card__time"
            >
              09:00
            </div>
            <div
              class="forecast__card__condition"
            >
              <svg>
                weather-sun.svg
              </svg>
            </div>
            <div
              class="forecast__card__temperature"
            >
              2°
            </div>
          </article>
        </li>
        <li>
          <article
            class="forecast__card "
          >
            <div
              class="forecast__card__time"
            >
              12:00
            </div>
            <div
              class="forecast__card__condition"
            >
              <svg>
                weather-sun.svg
              </svg>
            </div>
            <div
              class="forecast__card__temperature"
            >
              5°
            </div>
          </article>
        </li>
        <li>
          <article
            class="forecast__card "
          >
            <div
              class="forecast__card__time"
            >
              15:00
            </div>
            <div
              class="forecast__card__condition"
            >
              <svg>
                weather-sun.svg
              </svg>
            </div>
            <div
              class="forecast__card__temperature"
            >
              5°
            </div>
          </article>
        </li>
        <li>
          <article
            class="forecast__card "
          >
            <div
              class="forecast__card__time"
            >
              18:00
            </div>
            <div
              class="forecast__card__condition"
            >
              <svg>
                weather-sun.svg
              </svg>
            </div>
            <div
              class="forecast__card__temperature"
            >
              1°
            </div>
          </article>
        </li>
        <li>
          <article
            class="forecast__card "
          >
            <div
              class="forecast__card__time"
            >
              21:00
            </div>
            <div
              class="forecast__card__condition"
            >
              <svg>
                weather-sun.svg
              </svg>
            </div>
            <div
              class="forecast__card__temperature"
            >
              -2°
            </div>
          </article>
        </li>
        <li>
          <article
            class="forecast__card "
          >
            <div
              class="forecast__card__time"
            >
              00:00
            </div>
            <div
              class="forecast__card__condition"
            >
              <svg>
                weather-sun.svg
              </svg>
            </div>
            <div
              class="forecast__card__temperature"
            >
              -4°
            </div>
          </article>
        </li>
        <li>
          <article
            class="forecast__card "
          >
            <div
              class="forecast__card__time"
            >
              03:00
            </div>
            <div
              class="forecast__card__condition"
            >
              <svg>
                weather-sun.svg
              </svg>
            </div>
            <div
              class="forecast__card__temperature"
            >
              -5°
            </div>
          </article>
        </li>
        <li>
          <article
            class="forecast__card "
          >
            <div
              class="forecast__card__time"
            >
              06:00
            </div>
            <div
              class="forecast__card__condition"
            >
              <svg>
                weather-sun.svg
              </svg>
            </div>
            <div
              class="forecast__card__temperature"
            >
              -6°
            </div>
          </article>
        </li>
        <li>
          <article
            class="forecast__card "
          >
            <div
              class="forecast__card__time"
            >
              09:00
            </div>
            <div
              class="forecast__card__condition"
            >
              <svg>
                weather-sun.svg
              </svg>
            </div>
            <div
              class="forecast__card__temperature"
            >
              0°
            </div>
          </article>
        </li>
        <li>
          <article
            class="forecast__card "
          >
            <div
              class="forecast__card__time"
            >
              12:00
            </div>
            <div
              class="forecast__card__condition"
            >
              <svg>
                weather-sun.svg
              </svg>
            </div>
            <div
              class="forecast__card__temperature"
            >
              4°
            </div>
          </article>
        </li>
        <li>
          <article
            class="forecast__card "
          >
            <div
              class="forecast__card__time"
            >
              15:00
            </div>
            <div
              class="forecast__card__condition"
            >
              <svg>
                weather-sun.svg
              </svg>
            </div>
            <div
              class="forecast__card__temperature"
            >
              5°
            </div>
          </article>
        </li>
        <li>
          <article
            class="forecast__card "
          >
            <div
              class="forecast__card__time"
            >
              18:00
            </div>
            <div
              class="forecast__card__condition"
            >
              <svg>
                weather-sun.svg
              </svg>
            </div>
            <div
              class="forecast__card__temperature"
            >
              -1°
            </div>
          </article>
        </li>
        <li>
          <article
            class="forecast__card "
          >
            <div
              class="forecast__card__time"
            >
              21:00
            </div>
            <div
              class="forecast__card__condition"
            >
              <svg>
                weather-sun.svg
              </svg>
            </div>
            <div
              class="forecast__card__temperature"
            >
              -4°
            </div>
          </article>
        </li>
        <li>
          <article
            class="forecast__card "
          >
            <div
              class="forecast__card__time"
            >
              00:00
            </div>
            <div
              class="forecast__card__condition"
            >
              <svg>
                weather-sun.svg
              </svg>
            </div>
            <div
              class="forecast__card__temperature"
            >
              -4°
            </div>
          </article>
        </li>
        <li>
          <article
            class="forecast__card "
          >
            <div
              class="forecast__card__time"
            >
              03:00
            </div>
            <div
              class="forecast__card__condition"
            >
              <svg>
                weather-sun.svg
              </svg>
            </div>
            <div
              class="forecast__card__temperature"
            >
              -5°
            </div>
          </article>
        </li>
        <li>
          <article
            class="forecast__card "
          >
            <div
              class="forecast__card__time"
            >
              06:00
            </div>
            <div
              class="forecast__card__condition"
            >
              <svg>
                weather-sun.svg
              </svg>
            </div>
            <div
              class="forecast__card__temperature"
            >
              -5°
            </div>
          </article>
        </li>
        <li>
          <article
            class="forecast__card "
          >
            <div
              class="forecast__card__time"
            >
              09:00
            </div>
            <div
              class="forecast__card__condition"
            >
              <svg>
                weather-sun.svg
              </svg>
            </div>
            <div
              class="forecast__card__temperature"
            >
              1°
            </div>
          </article>
        </li>
        <li>
          <article
            class="forecast__card "
          >
            <div
              class="forecast__card__time"
            >
              12:00
            </div>
            <div
              class="forecast__card__condition"
            >
              <svg>
                weather-sun.svg
              </svg>
            </div>
            <div
              class="forecast__card__temperature"
            >
              6°
            </div>
          </article>
        </li>
        <li>
          <article
            class="forecast__card "
          >
            <div
              class="forecast__card__time"
            >
              15:00
            </div>
            <div
              class="forecast__card__condition"
            >
              <svg>
                weather-sun.svg
              </svg>
            </div>
            <div
              class="forecast__card__temperature"
            >
              6°
            </div>
          </article>
        </li>
        <li>
          <article
            class="forecast__card "
          >
            <div
              class="forecast__card__time"
            >
              18:00
            </div>
            <div
              class="forecast__card__condition"
            >
              <svg>
                weather-sun.svg
              </svg>
            </div>
            <div
              class="forecast__card__temperature"
            >
              1°
            </div>
          </article>
        </li>
        <li>
          <article
            class="forecast__card "
          >
            <div
              class="forecast__card__time"
            >
              21:00
            </div>
            <div
              class="forecast__card__condition"
            >
              <svg>
                weather-sun.svg
              </svg>
            </div>
            <div
              class="forecast__card__temperature"
            >
              -1°
            </div>
          </article>
        </li>
      </ul>
    </section>
  </div>
</div>
`;

exports[`renders the loading indicator when no data has been fetched 1`] = `
<div>
  <div
    class="App"
  >
    <div
      class="spinner"
    >
      <label
        class="spinner__label"
      >
        Loading…
      </label>
      <progress />
    </div>
  </div>
</div>
`;

exports[`shows the selected forecast and scroll to top on click 1`] = `
<div>
  <div
    class="App"
  >
    <header
      class="summary"
    >
      <article
        class="summary__icon"
      >
        <svg>
          weather-sun.svg
        </svg>
      </article>
      <article
        class="summary__condition"
      >
        <div
          class="summary__overline summary__overline--status"
        >
          <div>
            Clear
          </div>
          <div>
            0°
             / 
            -2°
          </div>
        </div>
        <div
          class="summary__condition__temperature"
        >
          0°
        </div>
      </article>
      <article>
        <div
          class="summary__overline"
        >
          Altstadt
        </div>
        <div
          class="summary__date"
        >
          Thursday
          <br />
          16. February
        </div>
      </article>
    </header>
    <section>
      <ul
        class="forecastsList"
      >
        <li>
          <article
            class="forecast__card "
          >
            <div
              class="forecast__card__time"
            >
              12:00
            </div>
            <div
              class="forecast__card__condition"
            >
              <svg>
                weather-sun.svg
              </svg>
            </div>
            <div
              class="forecast__card__temperature"
            >
              14°
            </div>
          </article>
        </li>
        <li>
          <article
            class="forecast__card "
          >
            <div
              class="forecast__card__time"
            >
              15:00
            </div>
            <div
              class="forecast__card__condition"
            >
              <svg>
                weather-sun.svg
              </svg>
            </div>
            <div
              class="forecast__card__temperature"
            >
              13°
            </div>
          </article>
        </li>
        <li>
          <article
            class="forecast__card "
          >
            <div
              class="forecast__card__time"
            >
              18:00
            </div>
            <div
              class="forecast__card__condition"
            >
              <svg>
                weather-sun.svg
              </svg>
            </div>
            <div
              class="forecast__card__temperature"
            >
              4°
            </div>
          </article>
        </li>
        <li>
          <article
            class="forecast__card forecast--active"
          >
            <div
              class="forecast__card__time"
            >
              21:00
            </div>
            <div
              class="forecast__card__condition"
            >
              <svg>
                weather-sun.svg
              </svg>
            </div>
            <div
              class="forecast__card__temperature"
            >
              0°
            </div>
          </article>
        </li>
        <li>
          <article
            class="forecast__card "
          >
            <div
              class="forecast__card__time"
            >
              00:00
            </div>
            <div
              class="forecast__card__condition"
            >
              <svg>
                weather-sun.svg
              </svg>
            </div>
            <div
              class="forecast__card__temperature"
            >
              0°
            </div>
          </article>
        </li>
        <li>
          <article
            class="forecast__card "
          >
            <div
              class="forecast__card__time"
            >
              03:00
            </div>
            <div
              class="forecast__card__condition"
            >
              <svg>
                weather-sun.svg
              </svg>
            </div>
            <div
              class="forecast__card__temperature"
            >
              2°
            </div>
          </article>
        </li>
        <li>
          <article
            class="forecast__card "
          >
            <div
              class="forecast__card__time"
            >
              06:00
            </div>
            <div
              class="forecast__card__condition"
            >
              <svg>
                weather-sun.svg
              </svg>
            </div>
            <div
              class="forecast__card__temperature"
            >
              3°
            </div>
          </article>
        </li>
        <li>
          <article
            class="forecast__card "
          >
            <div
              class="forecast__card__time"
            >
              09:00
            </div>
            <div
              class="forecast__card__condition"
            >
              <svg>
                weather-sun.svg
              </svg>
            </div>
            <div
              class="forecast__card__temperature"
            >
              4°
            </div>
          </article>
        </li>
        <li>
          <article
            class="forecast__card "
          >
            <div
              class="forecast__card__time"
            >
              12:00
            </div>
            <div
              class="forecast__card__condition"
            >
              <svg>
                weather-sun.svg
              </svg>
            </div>
            <div
              class="forecast__card__temperature"
            >
              5°
            </div>
          </article>
        </li>
        <li>
          <article
            class="forecast__card "
          >
            <div
              class="forecast__card__time"
            >
              15:00
            </div>
            <div
              class="forecast__card__condition"
            >
              <svg>
                weather-sun.svg
              </svg>
            </div>
            <div
              class="forecast__card__temperature"
            >
              3°
            </div>
          </article>
        </li>
        <li>
          <article
            class="forecast__card "
          >
            <div
              class="forecast__card__time"
            >
              18:00
            </div>
            <div
              class="forecast__card__condition"
            >
              <svg>
                weather-sun.svg
              </svg>
            </div>
            <div
              class="forecast__card__temperature"
            >
              2°
            </div>
          </article>
        </li>
        <li>
          <article
            class="forecast__card "
          >
            <div
              class="forecast__card__time"
            >
              21:00
            </div>
            <div
              class="forecast__card__condition"
            >
              <svg>
                weather-sun.svg
              </svg>
            </div>
            <div
              class="forecast__card__temperature"
            >
              2°
            </div>
          </article>
        </li>
        <li>
          <article
            class="forecast__card "
          >
            <div
              class="forecast__card__time"
            >
              00:00
            </div>
            <div
              class="forecast__card__condition"
            >
              <svg>
                weather-sun.svg
              </svg>
            </div>
            <div
              class="forecast__card__temperature"
            >
              2°
            </div>
          </article>
        </li>
        <li>
          <article
            class="forecast__card "
          >
            <div
              class="forecast__card__time"
            >
              03:00
            </div>
            <div
              class="forecast__card__condition"
            >
              <svg>
                weather-sun.svg
              </svg>
            </div>
            <div
              class="forecast__card__temperature"
            >
              2°
            </div>
          </article>
        </li>
        <li>
          <article
            class="forecast__card "
          >
            <div
              class="forecast__card__time"
            >
              06:00
            </div>
            <div
              class="forecast__card__condition"
            >
              <svg>
                weather-sun.svg
              </svg>
            </div>
            <div
              class="forecast__card__temperature"
            >
              1°
            </div>
          </article>
        </li>
        <li>
          <article
            class="forecast__card "
          >
            <div
              class="forecast__card__time"
            >
              09:00
            </div>
            <div
              class="forecast__card__condition"
            >
              <svg>
                weather-sun.svg
              </svg>
            </div>
            <div
              class="forecast__card__temperature"
            >
              2°
            </div>
          </article>
        </li>
        <li>
          <article
            class="forecast__card "
          >
            <div
              class="forecast__card__time"
            >
              12:00
            </div>
            <div
              class="forecast__card__condition"
            >
              <svg>
                weather-sun.svg
              </svg>
            </div>
            <div
              class="forecast__card__temperature"
            >
              5°
            </div>
          </article>
        </li>
        <li>
          <article
            class="forecast__card "
          >
            <div
              class="forecast__card__time"
            >
              15:00
            </div>
            <div
              class="forecast__card__condition"
            >
              <svg>
                weather-sun.svg
              </svg>
            </div>
            <div
              class="forecast__card__temperature"
            >
              5°
            </div>
          </article>
        </li>
        <li>
          <article
            class="forecast__card "
          >
            <div
              class="forecast__card__time"
            >
              18:00
            </div>
            <div
              class="forecast__card__condition"
            >
              <svg>
                weather-sun.svg
              </svg>
            </div>
            <div
              class="forecast__card__temperature"
            >
              1°
            </div>
          </article>
        </li>
        <li>
          <article
            class="forecast__card "
          >
            <div
              class="forecast__card__time"
            >
              21:00
            </div>
            <div
              class="forecast__card__condition"
            >
              <svg>
                weather-sun.svg
              </svg>
            </div>
            <div
              class="forecast__card__temperature"
            >
              -2°
            </div>
          </article>
        </li>
        <li>
          <article
            class="forecast__card "
          >
            <div
              class="forecast__card__time"
            >
              00:00
            </div>
            <div
              class="forecast__card__condition"
            >
              <svg>
                weather-sun.svg
              </svg>
            </div>
            <div
              class="forecast__card__temperature"
            >
              -4°
            </div>
          </article>
        </li>
        <li>
          <article
            class="forecast__card "
          >
            <div
              class="forecast__card__time"
            >
              03:00
            </div>
            <div
              class="forecast__card__condition"
            >
              <svg>
                weather-sun.svg
              </svg>
            </div>
            <div
              class="forecast__card__temperature"
            >
              -5°
            </div>
          </article>
        </li>
        <li>
          <article
            class="forecast__card "
          >
            <div
              class="forecast__card__time"
            >
              06:00
            </div>
            <div
              class="forecast__card__condition"
            >
              <svg>
                weather-sun.svg
              </svg>
            </div>
            <div
              class="forecast__card__temperature"
            >
              -6°
            </div>
          </article>
        </li>
        <li>
          <article
            class="forecast__card "
          >
            <div
              class="forecast__card__time"
            >
              09:00
            </div>
            <div
              class="forecast__card__condition"
            >
              <svg>
                weather-sun.svg
              </svg>
            </div>
            <div
              class="forecast__card__temperature"
            >
              0°
            </div>
          </article>
        </li>
        <li>
          <article
            class="forecast__card "
          >
            <div
              class="forecast__card__time"
            >
              12:00
            </div>
            <div
              class="forecast__card__condition"
            >
              <svg>
                weather-sun.svg
              </svg>
            </div>
            <div
              class="forecast__card__temperature"
            >
              4°
            </div>
          </article>
        </li>
        <li>
          <article
            class="forecast__card "
          >
            <div
              class="forecast__card__time"
            >
              15:00
            </div>
            <div
              class="forecast__card__condition"
            >
              <svg>
                weather-sun.svg
              </svg>
            </div>
            <div
              class="forecast__card__temperature"
            >
              5°
            </div>
          </article>
        </li>
        <li>
          <article
            class="forecast__card "
          >
            <div
              class="forecast__card__time"
            >
              18:00
            </div>
            <div
              class="forecast__card__condition"
            >
              <svg>
                weather-sun.svg
              </svg>
            </div>
            <div
              class="forecast__card__temperature"
            >
              -1°
            </div>
          </article>
        </li>
        <li>
          <article
            class="forecast__card "
          >
            <div
              class="forecast__card__time"
            >
              21:00
            </div>
            <div
              class="forecast__card__condition"
            >
              <svg>
                weather-sun.svg
              </svg>
            </div>
            <div
              class="forecast__card__temperature"
            >
              -4°
            </div>
          </article>
        </li>
        <li>
          <article
            class="forecast__card "
          >
            <div
              class="forecast__card__time"
            >
              00:00
            </div>
            <div
              class="forecast__card__condition"
            >
              <svg>
                weather-sun.svg
              </svg>
            </div>
            <div
              class="forecast__card__temperature"
            >
              -4°
            </div>
          </article>
        </li>
        <li>
          <article
            class="forecast__card "
          >
            <div
              class="forecast__card__time"
            >
              03:00
            </div>
            <div
              class="forecast__card__condition"
            >
              <svg>
                weather-sun.svg
              </svg>
            </div>
            <div
              class="forecast__card__temperature"
            >
              -5°
            </div>
          </article>
        </li>
        <li>
          <article
            class="forecast__card "
          >
            <div
              class="forecast__card__time"
            >
              06:00
            </div>
            <div
              class="forecast__card__condition"
            >
              <svg>
                weather-sun.svg
              </svg>
            </div>
            <div
              class="forecast__card__temperature"
            >
              -5°
            </div>
          </article>
        </li>
        <li>
          <article
            class="forecast__card "
          >
            <div
              class="forecast__card__time"
            >
              09:00
            </div>
            <div
              class="forecast__card__condition"
            >
              <svg>
                weather-sun.svg
              </svg>
            </div>
            <div
              class="forecast__card__temperature"
            >
              1°
            </div>
          </article>
        </li>
        <li>
          <article
            class="forecast__card "
          >
            <div
              class="forecast__card__time"
            >
              12:00
            </div>
            <div
              class="forecast__card__condition"
            >
              <svg>
                weather-sun.svg
              </svg>
            </div>
            <div
              class="forecast__card__temperature"
            >
              6°
            </div>
          </article>
        </li>
        <li>
          <article
            class="forecast__card "
          >
            <div
              class="forecast__card__time"
            >
              15:00
            </div>
            <div
              class="forecast__card__condition"
            >
              <svg>
                weather-sun.svg
              </svg>
            </div>
            <div
              class="forecast__card__temperature"
            >
              6°
            </div>
          </article>
        </li>
        <li>
          <article
            class="forecast__card "
          >
            <div
              class="forecast__card__time"
            >
              18:00
            </div>
            <div
              class="forecast__card__condition"
            >
              <svg>
                weather-sun.svg
              </svg>
            </div>
            <div
              class="forecast__card__temperature"
            >
              1°
            </div>
          </article>
        </li>
        <li>
          <article
            class="forecast__card "
          >
            <div
              class="forecast__card__time"
            >
              21:00
            </div>
            <div
              class="forecast__card__condition"
            >
              <svg>
                weather-sun.svg
              </svg>
            </div>
            <div
              class="forecast__card__temperature"
            >
              -1°
            </div>
          </article>
        </li>
      </ul>
    </section>
  </div>
</div>
`;
